<?xml version="1.0" encoding="utf-8"?><testsuites name="pytest tests"><testsuite name="pytest" errors="0" failures="0" skipped="0" tests="2" time="0.031" timestamp="2025-10-09T10:02:19.966799+02:00" hostname="KJHK9361P0.local"><testcase classname="tests.test_calculator" name="test_add" file="tests/test_calculator.py" line="2" time="0.001" /><testcase classname="tests.test_calculator" name="test_subtract" file="tests/test_calculator.py" line="6" time="0.001" /></testsuite></testsuites>